[2025-12-24 23:57:11,699] [INFO] Start download | season=198 | magnet=magnet:?xt=urn:btih:a4c95465702e5a7f663bbf50bd1d42a721334363&dn=Ranma%201-2%20%282024%29%20S02E12%20MULTi%201080p%20WEB%20AV1%20AAC%20-Tsundere-Raws%20%28NF%29%20%28VF%2C%20FRENCH%2C%20VOSTFR%2C%20Ranma%20%C2%BD%20%282024%29%202nd%20Season%2C%20Ranma%20%C2%BD%20%282024%29%20Season%202%29&tr=http%3A%2F%2Fnyaa.tracker.wf%3A7777%2Fannounce&tr=udp%3A%2F%2Fopen.stealth.si%3A80%2Fannounce&tr=udp%3A%2F%2Ftracker.opentrackr.org%3A1337%2Fannounce&tr=udp%3A%2F%2Fexodus.desync.com%3A6969%2Fannounce&tr=udp%3A%2F%2Ftracker.torrent.eu.org%3A451%2Fannounce
[2025-12-24 23:57:11,782] [INFO] 0.0% | ↓ 0.0 kB/s | ↑ 0.0 kB/s | peers=0 | state=downloading_metadata
[2025-12-24 23:57:12,783] [INFO] 0.0% | ↓ 0.0 kB/s | ↑ 0.0 kB/s | peers=0 | state=downloading_metadata
[2025-12-24 23:57:13,784] [INFO] 0.0% | ↓ 0.0 kB/s | ↑ 0.2 kB/s | peers=6 | state=downloading_metadata
[2025-12-24 23:57:14,785] [INFO] 0.0% | ↓ 1.8 kB/s | ↑ 0.9 kB/s | peers=12 | state=downloading
[2025-12-24 23:57:15,787] [INFO] 0.09% | ↓ 24.9 kB/s | ↑ 3.1 kB/s | peers=10 | state=downloading
[2025-12-24 23:57:16,788] [INFO] 0.45% | ↓ 128.5 kB/s | ↑ 7.0 kB/s | peers=10 | state=downloading
[2025-12-24 23:57:17,788] [INFO] 0.64% | ↓ 266.9 kB/s | ↑ 11.3 kB/s | peers=10 | state=downloading
[2025-12-24 23:57:18,788] [INFO] 1.09% | ↓ 289.8 kB/s | ↑ 11.7 kB/s | peers=21 | state=downloading
[2025-12-24 23:57:19,790] [INFO] 1.53% | ↓ 422.2 kB/s | ↑ 16.7 kB/s | peers=20 | state=downloading
[2025-12-24 23:57:20,791] [INFO] 1.97% | ↓ 525.1 kB/s | ↑ 20.1 kB/s | peers=19 | state=downloading
[2025-12-24 23:57:21,792] [INFO] 2.63% | ↓ 658.6 kB/s | ↑ 24.4 kB/s | peers=19 | state=downloading
[2025-12-24 23:57:22,793] [INFO] 3.24% | ↓ 763.1 kB/s | ↑ 27.9 kB/s | peers=20 | state=downloading
[2025-12-24 23:57:23,794] [INFO] 4.04% | ↓ 925.2 kB/s | ↑ 33.6 kB/s | peers=20 | state=downloading
[2025-12-24 23:57:24,796] [INFO] 4.77% | ↓ 1046.5 kB/s | ↑ 37.9 kB/s | peers=20 | state=downloading
[2025-12-24 23:57:25,797] [INFO] 5.71% | ↓ 1136.1 kB/s | ↑ 40.8 kB/s | peers=20 | state=downloading
[2025-12-24 23:57:26,797] [INFO] 6.27% | ↓ 1282.3 kB/s | ↑ 44.9 kB/s | peers=20 | state=downloading
[2025-12-24 23:57:27,798] [INFO] 6.8% | ↓ 1303.4 kB/s | ↑ 45.7 kB/s | peers=20 | state=downloading
[2025-12-24 23:57:28,799] [INFO] 7.53% | ↓ 1255.2 kB/s | ↑ 43.6 kB/s | peers=20 | state=downloading
[2025-12-24 23:57:29,800] [INFO] 8.14% | ↓ 1303.5 kB/s | ↑ 44.3 kB/s | peers=20 | state=downloading
[2025-12-24 23:57:30,801] [INFO] 8.72% | ↓ 1303.6 kB/s | ↑ 44.0 kB/s | peers=19 | state=downloading
[2025-12-24 23:57:31,802] [INFO] 9.18% | ↓ 1292.2 kB/s | ↑ 43.8 kB/s | peers=19 | state=downloading
[2025-12-24 23:57:32,803] [INFO] 10.15% | ↓ 1327.5 kB/s | ↑ 44.4 kB/s | peers=19 | state=downloading
[2025-12-24 23:57:33,804] [INFO] 10.71% | ↓ 1273.2 kB/s | ↑ 42.3 kB/s | peers=19 | state=downloading
[2025-12-24 23:57:34,806] [INFO] 11.81% | ↓ 1424.1 kB/s | ↑ 46.7 kB/s | peers=19 | state=downloading
[2025-12-24 23:57:35,807] [INFO] 12.36% | ↓ 1516.3 kB/s | ↑ 50.4 kB/s | peers=19 | state=downloading
[2025-12-24 23:57:36,808] [INFO] 13.08% | ↓ 1431.5 kB/s | ↑ 47.1 kB/s | peers=19 | state=downloading
[2025-12-24 23:57:37,809] [INFO] 14.16% | ↓ 1573.8 kB/s | ↑ 51.2 kB/s | peers=19 | state=downloading
[2025-12-24 23:57:38,810] [INFO] 14.79% | ↓ 1588.0 kB/s | ↑ 51.9 kB/s | peers=19 | state=downloading
[2025-12-24 23:57:39,811] [INFO] 15.65% | ↓ 1526.4 kB/s | ↑ 49.5 kB/s | peers=19 | state=downloading
[2025-12-24 23:57:40,812] [INFO] 16.48% | ↓ 1668.4 kB/s | ↑ 64.8 kB/s | peers=19 | state=downloading
[2025-12-24 23:57:41,813] [INFO] 16.83% | ↓ 1539.0 kB/s | ↑ 65.9 kB/s | peers=19 | state=downloading
[2025-12-24 23:57:42,814] [INFO] 18.05% | ↓ 1544.3 kB/s | ↑ 62.4 kB/s | peers=19 | state=downloading
[2025-12-24 23:57:43,815] [INFO] 18.8% | ↓ 1676.7 kB/s | ↑ 64.2 kB/s | peers=19 | state=downloading
[2025-12-24 23:57:44,815] [INFO] 19.57% | ↓ 1494.3 kB/s | ↑ 66.2 kB/s | peers=19 | state=downloading
[2025-12-24 23:57:45,816] [INFO] 20.08% | ↓ 1607.5 kB/s | ↑ 65.7 kB/s | peers=19 | state=downloading
[2025-12-24 23:57:46,817] [INFO] 21.27% | ↓ 1577.6 kB/s | ↑ 78.5 kB/s | peers=19 | state=downloading
[2025-12-24 23:57:47,818] [INFO] 21.76% | ↓ 1656.5 kB/s | ↑ 75.9 kB/s | peers=19 | state=downloading
[2025-12-24 23:57:48,819] [INFO] 22.63% | ↓ 1594.4 kB/s | ↑ 69.3 kB/s | peers=19 | state=downloading
[2025-12-24 23:57:49,820] [INFO] 23.95% | ↓ 1823.0 kB/s | ↑ 72.6 kB/s | peers=19 | state=downloading
[2025-12-24 23:57:50,821] [INFO] 24.91% | ↓ 1797.5 kB/s | ↑ 69.4 kB/s | peers=19 | state=downloading
[2025-12-24 23:57:51,821] [INFO] 25.73% | ↓ 1890.0 kB/s | ↑ 69.3 kB/s | peers=19 | state=downloading
[2025-12-24 23:57:52,822] [INFO] 26.67% | ↓ 1785.7 kB/s | ↑ 64.4 kB/s | peers=19 | state=downloading
[2025-12-24 23:57:53,822] [INFO] 27.68% | ↓ 1898.9 kB/s | ↑ 81.3 kB/s | peers=19 | state=downloading
[2025-12-24 23:57:54,824] [INFO] 28.74% | ↓ 2072.6 kB/s | ↑ 82.3 kB/s | peers=19 | state=downloading
[2025-12-24 23:57:55,824] [INFO] 29.36% | ↓ 1971.0 kB/s | ↑ 75.9 kB/s | peers=19 | state=downloading
[2025-12-24 23:57:56,825] [INFO] 30.64% | ↓ 1959.6 kB/s | ↑ 72.0 kB/s | peers=19 | state=downloading
[2025-12-24 23:57:57,826] [INFO] 31.29% | ↓ 1871.0 kB/s | ↑ 67.3 kB/s | peers=19 | state=downloading
[2025-12-24 23:57:58,827] [INFO] 32.84% | ↓ 1993.0 kB/s | ↑ 69.4 kB/s | peers=19 | state=downloading
[2025-12-24 23:57:59,827] [INFO] 33.13% | ↓ 1968.9 kB/s | ↑ 67.0 kB/s | peers=19 | state=downloading
[2025-12-24 23:58:00,828] [INFO] 33.27% | ↓ 1661.0 kB/s | ↑ 56.5 kB/s | peers=19 | state=downloading
[2025-12-24 23:58:01,829] [INFO] 35.37% | ↓ 1541.5 kB/s | ↑ 51.4 kB/s | peers=19 | state=downloading
[2025-12-24 23:58:02,831] [INFO] 36.58% | ↓ 2192.5 kB/s | ↑ 89.7 kB/s | peers=19 | state=downloading
[2025-12-24 23:58:03,832] [INFO] 37.14% | ↓ 2128.5 kB/s | ↑ 84.6 kB/s | peers=19 | state=downloading
[2025-12-24 23:58:04,832] [INFO] 37.23% | ↓ 1800.2 kB/s | ↑ 70.5 kB/s | peers=19 | state=downloading
[2025-12-24 23:58:05,833] [INFO] 37.75% | ↓ 1538.9 kB/s | ↑ 59.4 kB/s | peers=19 | state=downloading
[2025-12-24 23:58:06,834] [INFO] 40.09% | ↓ 1633.9 kB/s | ↑ 59.6 kB/s | peers=19 | state=downloading
[2025-12-24 23:58:07,835] [INFO] 40.72% | ↓ 2145.4 kB/s | ↑ 73.5 kB/s | peers=19 | state=downloading
[2025-12-24 23:58:08,836] [INFO] 41.79% | ↓ 2003.7 kB/s | ↑ 68.3 kB/s | peers=19 | state=downloading
[2025-12-24 23:58:09,837] [INFO] 42.21% | ↓ 2010.0 kB/s | ↑ 67.3 kB/s | peers=19 | state=downloading
[2025-12-24 23:58:10,838] [INFO] 43.09% | ↓ 1851.0 kB/s | ↑ 61.4 kB/s | peers=19 | state=downloading
[2025-12-24 23:58:11,839] [INFO] 44.0% | ↓ 1789.0 kB/s | ↑ 58.5 kB/s | peers=19 | state=downloading
[2025-12-24 23:58:12,840] [INFO] 45.14% | ↓ 1932.7 kB/s | ↑ 62.4 kB/s | peers=19 | state=downloading
[2025-12-24 23:58:13,841] [INFO] 46.2% | ↓ 1925.9 kB/s | ↑ 77.0 kB/s | peers=19 | state=downloading
[2025-12-24 23:58:14,842] [INFO] 47.13% | ↓ 2003.7 kB/s | ↑ 76.3 kB/s | peers=19 | state=downloading
[2025-12-24 23:58:15,843] [INFO] 47.81% | ↓ 1927.9 kB/s | ↑ 72.2 kB/s | peers=20 | state=downloading
[2025-12-24 23:58:16,844] [INFO] 48.59% | ↓ 1794.7 kB/s | ↑ 65.6 kB/s | peers=22 | state=downloading
[2025-12-24 23:58:17,845] [INFO] 49.58% | ↓ 1789.0 kB/s | ↑ 63.7 kB/s | peers=22 | state=downloading
[2025-12-24 23:58:18,846] [INFO] 50.82% | ↓ 1949.8 kB/s | ↑ 67.4 kB/s | peers=21 | state=downloading
[2025-12-24 23:58:19,846] [INFO] 51.7% | ↓ 1955.6 kB/s | ↑ 66.7 kB/s | peers=22 | state=downloading
[2025-12-24 23:58:20,847] [INFO] 52.67% | ↓ 1844.0 kB/s | ↑ 62.5 kB/s | peers=22 | state=downloading
[2025-12-24 23:58:21,848] [INFO] 53.03% | ↓ 1944.0 kB/s | ↑ 65.3 kB/s | peers=23 | state=downloading
[2025-12-24 23:58:22,849] [INFO] 53.32% | ↓ 1647.4 kB/s | ↑ 55.2 kB/s | peers=23 | state=downloading
[2025-12-24 23:58:23,850] [INFO] 54.02% | ↓ 1586.5 kB/s | ↑ 52.3 kB/s | peers=22 | state=downloading
[2025-12-24 23:58:24,851] [INFO] 55.86% | ↓ 1451.8 kB/s | ↑ 47.5 kB/s | peers=22 | state=downloading
[2025-12-24 23:58:25,854] [INFO] 56.45% | ↓ 1964.2 kB/s | ↑ 75.5 kB/s | peers=22 | state=downloading
[2025-12-24 23:58:26,855] [INFO] 57.4% | ↓ 1817.5 kB/s | ↑ 69.2 kB/s | peers=22 | state=downloading
[2025-12-24 23:58:27,856] [INFO] 58.07% | ↓ 1847.4 kB/s | ↑ 67.3 kB/s | peers=22 | state=downloading
[2025-12-24 23:58:28,857] [INFO] 59.09% | ↓ 1882.8 kB/s | ↑ 66.3 kB/s | peers=22 | state=downloading
[2025-12-24 23:58:29,857] [INFO] 59.81% | ↓ 1797.3 kB/s | ↑ 62.3 kB/s | peers=22 | state=downloading
[2025-12-24 23:58:30,858] [INFO] 61.06% | ↓ 2032.5 kB/s | ↑ 68.1 kB/s | peers=22 | state=downloading
[2025-12-24 23:58:31,859] [INFO] 62.32% | ↓ 1941.9 kB/s | ↑ 65.3 kB/s | peers=22 | state=downloading
[2025-12-24 23:58:32,860] [INFO] 63.27% | ↓ 1968.5 kB/s | ↑ 65.2 kB/s | peers=22 | state=downloading
[2025-12-24 23:58:33,861] [INFO] 63.97% | ↓ 1961.6 kB/s | ↑ 64.8 kB/s | peers=23 | state=downloading
[2025-12-24 23:58:34,862] [INFO] 64.66% | ↓ 1945.0 kB/s | ↑ 63.0 kB/s | peers=23 | state=downloading
[2025-12-24 23:58:35,864] [INFO] 65.33% | ↓ 1835.1 kB/s | ↑ 58.9 kB/s | peers=23 | state=downloading
[2025-12-24 23:58:36,865] [INFO] 66.43% | ↓ 1810.9 kB/s | ↑ 57.9 kB/s | peers=23 | state=downloading
[2025-12-24 23:58:37,866] [INFO] 67.03% | ↓ 1868.2 kB/s | ↑ 59.8 kB/s | peers=22 | state=downloading
[2025-12-24 23:58:38,867] [INFO] 67.62% | ↓ 1612.2 kB/s | ↑ 51.8 kB/s | peers=22 | state=downloading
[2025-12-24 23:58:39,867] [INFO] 67.96% | ↓ 1539.5 kB/s | ↑ 48.8 kB/s | peers=22 | state=downloading
[2025-12-24 23:58:40,868] [INFO] 68.35% | ↓ 1415.7 kB/s | ↑ 44.7 kB/s | peers=22 | state=downloading
[2025-12-24 23:58:41,868] [INFO] 69.76% | ↓ 1311.5 kB/s | ↑ 41.0 kB/s | peers=22 | state=downloading
[2025-12-24 23:58:42,868] [INFO] 70.31% | ↓ 1632.3 kB/s | ↑ 50.7 kB/s | peers=22 | state=downloading
[2025-12-24 23:58:43,869] [INFO] 70.74% | ↓ 1458.0 kB/s | ↑ 46.4 kB/s | peers=22 | state=downloading
[2025-12-24 23:58:44,870] [INFO] 71.52% | ↓ 1349.8 kB/s | ↑ 42.6 kB/s | peers=22 | state=downloading
[2025-12-24 23:58:45,871] [INFO] 72.12% | ↓ 1512.9 kB/s | ↑ 47.4 kB/s | peers=22 | state=downloading
[2025-12-24 23:58:46,872] [INFO] 72.9% | ↓ 1468.6 kB/s | ↑ 46.4 kB/s | peers=22 | state=downloading
[2025-12-24 23:58:47,873] [INFO] 73.79% | ↓ 1537.6 kB/s | ↑ 48.2 kB/s | peers=22 | state=downloading
[2025-12-24 23:58:48,874] [INFO] 74.35% | ↓ 1501.7 kB/s | ↑ 47.9 kB/s | peers=21 | state=downloading
[2025-12-24 23:58:49,875] [INFO] 74.89% | ↓ 1416.0 kB/s | ↑ 45.6 kB/s | peers=21 | state=downloading
[2025-12-24 23:58:50,876] [INFO] 75.41% | ↓ 1441.0 kB/s | ↑ 46.4 kB/s | peers=21 | state=downloading
[2025-12-24 23:58:51,877] [INFO] 76.06% | ↓ 1300.2 kB/s | ↑ 41.8 kB/s | peers=21 | state=downloading
[2025-12-24 23:58:52,878] [INFO] 76.75% | ↓ 1249.5 kB/s | ↑ 39.7 kB/s | peers=21 | state=downloading
[2025-12-24 23:58:53,879] [INFO] 77.34% | ↓ 1331.3 kB/s | ↑ 42.3 kB/s | peers=21 | state=downloading
[2025-12-24 23:58:54,880] [INFO] 78.19% | ↓ 1417.4 kB/s | ↑ 44.9 kB/s | peers=21 | state=downloading
[2025-12-24 23:58:55,881] [INFO] 78.69% | ↓ 1379.8 kB/s | ↑ 44.1 kB/s | peers=21 | state=downloading
[2025-12-24 23:58:56,882] [INFO] 79.69% | ↓ 1374.6 kB/s | ↑ 44.1 kB/s | peers=21 | state=downloading
[2025-12-24 23:58:57,883] [INFO] 80.38% | ↓ 1489.0 kB/s | ↑ 47.6 kB/s | peers=21 | state=downloading
[2025-12-24 23:58:58,884] [INFO] 81.39% | ↓ 1575.9 kB/s | ↑ 50.8 kB/s | peers=21 | state=downloading
[2025-12-24 23:58:59,885] [INFO] 82.15% | ↓ 1654.0 kB/s | ↑ 53.8 kB/s | peers=21 | state=downloading
[2025-12-24 23:59:00,886] [INFO] 82.75% | ↓ 1527.3 kB/s | ↑ 49.5 kB/s | peers=21 | state=downloading
[2025-12-24 23:59:01,886] [INFO] 83.46% | ↓ 1548.7 kB/s | ↑ 50.1 kB/s | peers=21 | state=downloading
[2025-12-24 23:59:02,887] [INFO] 84.33% | ↓ 1492.4 kB/s | ↑ 48.3 kB/s | peers=21 | state=downloading
[2025-12-24 23:59:03,888] [INFO] 84.82% | ↓ 1519.1 kB/s | ↑ 48.9 kB/s | peers=21 | state=downloading
[2025-12-24 23:59:04,888] [INFO] 85.18% | ↓ 1335.1 kB/s | ↑ 43.1 kB/s | peers=21 | state=downloading
[2025-12-24 23:59:05,889] [INFO] 86.14% | ↓ 1389.0 kB/s | ↑ 44.3 kB/s | peers=21 | state=downloading
[2025-12-24 23:59:06,890] [INFO] 86.97% | ↓ 1392.2 kB/s | ↑ 44.4 kB/s | peers=21 | state=downloading
[2025-12-24 23:59:07,891] [INFO] 87.81% | ↓ 1601.8 kB/s | ↑ 50.6 kB/s | peers=21 | state=downloading
[2025-12-24 23:59:08,891] [INFO] 88.5% | ↓ 1544.7 kB/s | ↑ 49.5 kB/s | peers=21 | state=downloading
[2025-12-24 23:59:09,892] [INFO] 89.44% | ↓ 1553.7 kB/s | ↑ 49.3 kB/s | peers=21 | state=downloading
[2025-12-24 23:59:10,893] [INFO] 90.35% | ↓ 1626.2 kB/s | ↑ 52.3 kB/s | peers=21 | state=downloading
[2025-12-24 23:59:11,895] [INFO] 91.12% | ↓ 1672.2 kB/s | ↑ 53.9 kB/s | peers=21 | state=downloading
[2025-12-24 23:59:12,896] [INFO] 91.86% | ↓ 1646.9 kB/s | ↑ 53.5 kB/s | peers=21 | state=downloading
[2025-12-24 23:59:13,897] [INFO] 92.65% | ↓ 1629.7 kB/s | ↑ 52.7 kB/s | peers=21 | state=downloading
[2025-12-24 23:59:14,897] [INFO] 93.42% | ↓ 1589.4 kB/s | ↑ 51.7 kB/s | peers=21 | state=downloading
[2025-12-24 23:59:15,898] [INFO] 94.14% | ↓ 1606.3 kB/s | ↑ 52.1 kB/s | peers=21 | state=downloading
[2025-12-24 23:59:16,899] [INFO] 94.89% | ↓ 1652.3 kB/s | ↑ 54.0 kB/s | peers=21 | state=downloading
[2025-12-24 23:59:17,900] [INFO] 95.59% | ↓ 1657.0 kB/s | ↑ 54.2 kB/s | peers=21 | state=downloading
[2025-12-24 23:59:18,901] [INFO] 96.49% | ↓ 1538.4 kB/s | ↑ 50.3 kB/s | peers=21 | state=downloading
[2025-12-24 23:59:19,902] [INFO] 97.14% | ↓ 1611.4 kB/s | ↑ 51.9 kB/s | peers=21 | state=downloading
[2025-12-24 23:59:20,903] [INFO] 98.11% | ↓ 1616.8 kB/s | ↑ 51.3 kB/s | peers=21 | state=downloading
[2025-12-24 23:59:21,904] [INFO] 98.77% | ↓ 1683.4 kB/s | ↑ 53.3 kB/s | peers=22 | state=downloading
[2025-12-24 23:59:22,904] [INFO] 99.38% | ↓ 1593.7 kB/s | ↑ 51.1 kB/s | peers=21 | state=downloading
[2025-12-24 23:59:23,905] [INFO] 99.71% | ↓ 1505.3 kB/s | ↑ 49.0 kB/s | peers=22 | state=downloading
[2025-12-24 23:59:24,905] [INFO] 99.82% | ↓ 1334.2 kB/s | ↑ 44.0 kB/s | peers=21 | state=downloading
[2025-12-24 23:59:25,906] [INFO] 99.95% | ↓ 1182.8 kB/s | ↑ 39.6 kB/s | peers=21 | state=downloading
[2025-12-24 23:59:26,907] [INFO] Download finished | season=198
[2025-12-28 22:07:46,574] [INFO] Start download | season=200 | magnet=magnet:?xt=urn:btih:2b471269a2ac2858634164ca0ee84413c8057bb7&dn=%5BFeibanyama%5D%20SPY%20x%20FAMILY%20S3%20-%2010%20%5BIQIYI%20WebRip%202160p%20HEVC-10bit%20OPUS%20Multi-Subs%5D&tr=http%3A%2F%2Fnyaa.tracker.wf%3A7777%2Fannounce&tr=udp%3A%2F%2Fopen.stealth.si%3A80%2Fannounce&tr=udp%3A%2F%2Ftracker.opentrackr.org%3A1337%2Fannounce&tr=udp%3A%2F%2Fexodus.desync.com%3A6969%2Fannounce&tr=udp%3A%2F%2Ftracker.torrent.eu.org%3A451%2Fannounce
[2025-12-28 22:07:46,945] [INFO] 0.0% | ↓ 0.0 kB/s | ↑ 0.0 kB/s | peers=0 | state=downloading_metadata
[2025-12-28 22:07:46,956] [INFO] Start download | season=200 | magnet=magnet:?xt=urn:btih:2b471269a2ac2858634164ca0ee84413c8057bb7&dn=%5BFeibanyama%5D%20SPY%20x%20FAMILY%20S3%20-%2010%20%5BIQIYI%20WebRip%202160p%20HEVC-10bit%20OPUS%20Multi-Subs%5D&tr=http%3A%2F%2Fnyaa.tracker.wf%3A7777%2Fannounce&tr=udp%3A%2F%2Fopen.stealth.si%3A80%2Fannounce&tr=udp%3A%2F%2Ftracker.opentrackr.org%3A1337%2Fannounce&tr=udp%3A%2F%2Fexodus.desync.com%3A6969%2Fannounce&tr=udp%3A%2F%2Ftracker.torrent.eu.org%3A451%2Fannounce
[2025-12-28 22:07:46,969] [INFO] 0.0% | ↓ 0.0 kB/s | ↑ 0.0 kB/s | peers=0 | state=downloading_metadata
[2025-12-28 22:07:47,945] [INFO] 0.0% | ↓ 0.0 kB/s | ↑ 0.0 kB/s | peers=2 | state=downloading_metadata
[2025-12-28 22:07:47,970] [INFO] 0.0% | ↓ 0.0 kB/s | ↑ 0.0 kB/s | peers=2 | state=downloading_metadata
[2025-12-28 22:07:48,947] [INFO] 0.0% | ↓ 0.3 kB/s | ↑ 0.5 kB/s | peers=7 | state=downloading_metadata
[2025-12-28 22:07:48,971] [INFO] 0.0% | ↓ 0.3 kB/s | ↑ 0.6 kB/s | peers=8 | state=downloading_metadata
[2025-12-28 22:07:49,948] [INFO] 0.0% | ↓ 2.6 kB/s | ↑ 1.1 kB/s | peers=11 | state=downloading
[2025-12-28 22:07:49,973] [INFO] 0.0% | ↓ 3.5 kB/s | ↑ 1.3 kB/s | peers=12 | state=downloading
[2025-12-28 22:07:50,949] [INFO] 0.0% | ↓ 14.7 kB/s | ↑ 2.5 kB/s | peers=11 | state=downloading
[2025-12-28 22:07:50,973] [INFO] 0.01% | ↓ 17.0 kB/s | ↑ 2.6 kB/s | peers=8 | state=downloading
[2025-12-28 22:07:51,950] [INFO] 0.0% | ↓ 31.3 kB/s | ↑ 3.4 kB/s | peers=11 | state=downloading
[2025-12-28 22:07:51,975] [INFO] 0.02% | ↓ 41.4 kB/s | ↑ 3.5 kB/s | peers=6 | state=downloading
[2025-12-28 22:07:52,951] [INFO] 0.0% | ↓ 25.1 kB/s | ↑ 2.7 kB/s | peers=10 | state=downloading
[2025-12-28 22:07:52,976] [INFO] 0.02% | ↓ 33.1 kB/s | ↑ 2.8 kB/s | peers=5 | state=downloading
[2025-12-28 22:07:53,952] [INFO] 0.0% | ↓ 20.1 kB/s | ↑ 2.3 kB/s | peers=10 | state=downloading
[2025-12-28 22:07:53,978] [INFO] 0.02% | ↓ 26.5 kB/s | ↑ 2.4 kB/s | peers=5 | state=downloading
[2025-12-28 22:07:54,953] [INFO] 0.0% | ↓ 16.1 kB/s | ↑ 2.0 kB/s | peers=10 | state=downloading
[2025-12-28 22:07:54,978] [INFO] 0.02% | ↓ 21.2 kB/s | ↑ 2.1 kB/s | peers=5 | state=downloading
[2025-12-28 22:07:55,954] [INFO] 0.0% | ↓ 12.8 kB/s | ↑ 1.9 kB/s | peers=10 | state=downloading
[2025-12-28 22:07:55,980] [INFO] 0.02% | ↓ 16.9 kB/s | ↑ 1.9 kB/s | peers=5 | state=downloading
[2025-12-28 22:07:56,955] [INFO] 0.0% | ↓ 10.3 kB/s | ↑ 1.5 kB/s | peers=10 | state=downloading
[2025-12-28 22:07:56,980] [INFO] 0.02% | ↓ 13.6 kB/s | ↑ 1.5 kB/s | peers=5 | state=downloading
[2025-12-28 22:07:57,956] [INFO] 0.0% | ↓ 8.2 kB/s | ↑ 1.2 kB/s | peers=10 | state=downloading
[2025-12-28 22:07:57,981] [INFO] 0.02% | ↓ 10.8 kB/s | ↑ 1.2 kB/s | peers=5 | state=downloading
[2025-12-28 22:12:36,469] [INFO] Start download | season=200 | magnet=magnet:?xt=urn:btih:6128d0865817b95783ba662027fdc1941d34ed6b&dn=%5BTrix%5D%20SPY%C3%97FAMILY%20-%20S03E13%20%281080p%20AV1%20Opus%29%20%5BMulti%20Subs%5D%20%7C%20Spy%20x%20Family%20Season%203%20%28VOSTFR%29%20%28Weekly%29&tr=http%3A%2F%2Fnyaa.tracker.wf%3A7777%2Fannounce&tr=udp%3A%2F%2Fopen.stealth.si%3A80%2Fannounce&tr=udp%3A%2F%2Ftracker.opentrackr.org%3A1337%2Fannounce&tr=udp%3A%2F%2Fexodus.desync.com%3A6969%2Fannounce&tr=udp%3A%2F%2Ftracker.torrent.eu.org%3A451%2Fannounce
[2025-12-28 22:12:36,484] [INFO] 0.0% | ↓ 0.0 kB/s | ↑ 0.0 kB/s | peers=0 | state=downloading_metadata
[2025-12-28 22:12:37,486] [INFO] 0.0% | ↓ 0.0 kB/s | ↑ 0.0 kB/s | peers=0 | state=downloading_metadata
[2025-12-28 22:12:38,486] [INFO] 0.0% | ↓ 0.0 kB/s | ↑ 0.2 kB/s | peers=0 | state=downloading_metadata
[2025-12-28 22:12:39,488] [INFO] 0.0% | ↓ 0.0 kB/s | ↑ 0.2 kB/s | peers=2 | state=downloading_metadata
[2025-12-28 22:12:40,488] [INFO] 0.0% | ↓ 0.2 kB/s | ↑ 0.6 kB/s | peers=4 | state=downloading_metadata
[2025-12-28 22:12:41,490] [INFO] 0.0% | ↓ 7.0 kB/s | ↑ 1.4 kB/s | peers=6 | state=downloading
[2025-12-28 22:12:42,490] [INFO] 0.07% | ↓ 18.6 kB/s | ↑ 2.1 kB/s | peers=15 | state=downloading
[2025-12-28 22:12:43,490] [INFO] 0.33% | ↓ 111.3 kB/s | ↑ 6.8 kB/s | peers=16 | state=downloading
[2025-12-28 22:12:44,492] [INFO] 0.39% | ↓ 162.7 kB/s | ↑ 8.9 kB/s | peers=16 | state=downloading
[2025-12-28 22:12:45,493] [INFO] 0.39% | ↓ 130.2 kB/s | ↑ 7.4 kB/s | peers=16 | state=downloading
[2025-12-28 22:12:46,493] [INFO] 0.52% | ↓ 104.1 kB/s | ↑ 6.1 kB/s | peers=16 | state=downloading
[2025-12-28 22:12:47,494] [INFO] 0.89% | ↓ 282.7 kB/s | ↑ 11.1 kB/s | peers=21 | state=downloading
[2025-12-28 22:12:48,494] [INFO] 1.01% | ↓ 301.2 kB/s | ↑ 12.0 kB/s | peers=21 | state=downloading
[2025-12-28 22:12:49,494] [INFO] 1.18% | ↓ 276.9 kB/s | ↑ 11.1 kB/s | peers=21 | state=downloading
[2025-12-28 22:12:50,495] [INFO] 1.24% | ↓ 286.9 kB/s | ↑ 10.9 kB/s | peers=21 | state=downloading
[2025-12-28 22:12:51,496] [INFO] 1.51% | ↓ 292.6 kB/s | ↑ 10.9 kB/s | peers=20 | state=downloading
[2025-12-28 22:12:52,497] [INFO] 1.76% | ↓ 362.2 kB/s | ↑ 13.0 kB/s | peers=19 | state=downloading
[2025-12-28 22:12:53,498] [INFO] 2.03% | ↓ 422.2 kB/s | ↑ 14.9 kB/s | peers=19 | state=downloading
[2025-12-28 22:12:54,499] [INFO] 2.44% | ↓ 499.4 kB/s | ↑ 17.2 kB/s | peers=19 | state=downloading
[2025-12-28 22:12:55,500] [INFO] 2.71% | ↓ 519.4 kB/s | ↑ 17.8 kB/s | peers=19 | state=downloading
[2025-12-28 22:12:56,500] [INFO] 3.0% | ↓ 551.9 kB/s | ↑ 18.6 kB/s | peers=19 | state=downloading
[2025-12-28 22:12:57,501] [INFO] 3.08% | ↓ 523.5 kB/s | ↑ 17.3 kB/s | peers=19 | state=downloading
[2025-12-28 22:12:58,502] [INFO] 3.51% | ↓ 499.2 kB/s | ↑ 16.3 kB/s | peers=19 | state=downloading
[2025-12-28 22:12:59,503] [INFO] 3.89% | ↓ 581.9 kB/s | ↑ 19.2 kB/s | peers=19 | state=downloading
[2025-12-28 22:13:00,504] [INFO] 4.25% | ↓ 650.3 kB/s | ↑ 21.3 kB/s | peers=19 | state=downloading
[2025-12-28 22:13:01,505] [INFO] 4.39% | ↓ 620.6 kB/s | ↑ 20.5 kB/s | peers=19 | state=downloading
[2025-12-28 22:13:02,505] [INFO] 4.88% | ↓ 559.9 kB/s | ↑ 18.3 kB/s | peers=19 | state=downloading
[2025-12-28 22:13:03,506] [INFO] 5.42% | ↓ 741.3 kB/s | ↑ 23.6 kB/s | peers=19 | state=downloading
[2025-12-28 22:13:04,508] [INFO] 5.87% | ↓ 804.5 kB/s | ↑ 26.4 kB/s | peers=19 | state=downloading
[2025-12-28 22:13:05,509] [INFO] 6.0% | ↓ 792.7 kB/s | ↑ 25.8 kB/s | peers=19 | state=downloading
[2025-12-28 22:13:06,510] [INFO] 6.13% | ↓ 709.6 kB/s | ↑ 22.9 kB/s | peers=19 | state=downloading
[2025-12-28 22:13:07,512] [INFO] 6.23% | ↓ 581.0 kB/s | ↑ 18.7 kB/s | peers=19 | state=downloading
[2025-12-28 22:13:08,513] [INFO] 6.53% | ↓ 504.9 kB/s | ↑ 16.1 kB/s | peers=19 | state=downloading
[2025-12-28 22:13:09,514] [INFO] 6.98% | ↓ 638.4 kB/s | ↑ 20.2 kB/s | peers=19 | state=downloading
[2025-12-28 22:13:10,515] [INFO] 7.33% | ↓ 631.1 kB/s | ↑ 20.4 kB/s | peers=19 | state=downloading
[2025-12-28 22:13:11,515] [INFO] 7.42% | ↓ 643.1 kB/s | ↑ 20.3 kB/s | peers=19 | state=downloading
[2025-12-28 22:13:12,516] [INFO] 7.63% | ↓ 573.2 kB/s | ↑ 18.2 kB/s | peers=19 | state=downloading
[2025-12-28 22:13:13,517] [INFO] 7.72% | ↓ 520.5 kB/s | ↑ 16.8 kB/s | peers=19 | state=downloading
[2025-12-28 22:13:14,518] [INFO] 8.06% | ↓ 567.4 kB/s | ↑ 17.7 kB/s | peers=18 | state=downloading
[2025-12-28 22:13:15,519] [INFO] 8.38% | ↓ 482.4 kB/s | ↑ 15.1 kB/s | peers=18 | state=downloading
[2025-12-28 22:13:16,519] [INFO] 8.64% | ↓ 568.5 kB/s | ↑ 17.8 kB/s | peers=18 | state=downloading
[2025-12-28 22:13:17,521] [INFO] 8.82% | ↓ 546.1 kB/s | ↑ 17.5 kB/s | peers=18 | state=downloading
[2025-12-28 22:13:18,522] [INFO] 8.92% | ↓ 517.1 kB/s | ↑ 16.3 kB/s | peers=18 | state=downloading
[2025-12-28 22:13:19,524] [INFO] 9.25% | ↓ 529.0 kB/s | ↑ 16.7 kB/s | peers=18 | state=downloading
[2025-12-28 22:13:20,524] [INFO] 9.49% | ↓ 506.1 kB/s | ↑ 16.1 kB/s | peers=18 | state=downloading
[2025-12-28 22:13:21,525] [INFO] 9.51% | ↓ 491.2 kB/s | ↑ 15.7 kB/s | peers=18 | state=downloading
[2025-12-28 22:13:22,527] [INFO] 9.74% | ↓ 428.7 kB/s | ↑ 13.6 kB/s | peers=18 | state=downloading
[2025-12-28 22:13:23,527] [INFO] 9.95% | ↓ 462.1 kB/s | ↑ 14.8 kB/s | peers=18 | state=downloading
[2025-12-28 22:13:24,529] [INFO] 10.18% | ↓ 415.7 kB/s | ↑ 13.3 kB/s | peers=18 | state=downloading
[2025-12-28 22:13:25,530] [INFO] 10.38% | ↓ 465.6 kB/s | ↑ 14.7 kB/s | peers=18 | state=downloading
[2025-12-28 22:13:26,532] [INFO] 10.62% | ↓ 491.3 kB/s | ↑ 15.6 kB/s | peers=18 | state=downloading
[2025-12-28 22:13:27,533] [INFO] 10.9% | ↓ 469.7 kB/s | ↑ 15.0 kB/s | peers=18 | state=downloading
[2025-12-28 22:13:28,534] [INFO] 11.26% | ↓ 578.0 kB/s | ↑ 18.3 kB/s | peers=18 | state=downloading
[2025-12-28 22:13:29,535] [INFO] 11.51% | ↓ 540.8 kB/s | ↑ 17.4 kB/s | peers=18 | state=downloading
[2025-12-28 22:13:30,535] [INFO] 11.68% | ↓ 507.4 kB/s | ↑ 16.2 kB/s | peers=18 | state=downloading
[2025-12-28 22:13:31,536] [INFO] 11.76% | ↓ 488.4 kB/s | ↑ 15.5 kB/s | peers=18 | state=downloading
[2025-12-28 22:13:32,537] [INFO] 12.15% | ↓ 421.3 kB/s | ↑ 13.5 kB/s | peers=18 | state=downloading
[2025-12-28 22:13:33,537] [INFO] 12.69% | ↓ 601.3 kB/s | ↑ 18.9 kB/s | peers=18 | state=downloading
[2025-12-28 22:13:34,538] [INFO] 12.9% | ↓ 675.5 kB/s | ↑ 21.4 kB/s | peers=18 | state=downloading
[2025-12-28 22:13:35,539] [INFO] 13.01% | ↓ 582.5 kB/s | ↑ 18.7 kB/s | peers=18 | state=downloading
[2025-12-28 22:13:36,541] [INFO] 13.72% | ↓ 635.4 kB/s | ↑ 20.0 kB/s | peers=18 | state=downloading
[2025-12-28 22:13:37,543] [INFO] 13.88% | ↓ 762.1 kB/s | ↑ 24.1 kB/s | peers=18 | state=downloading
[2025-12-28 22:13:38,544] [INFO] 14.12% | ↓ 622.7 kB/s | ↑ 19.7 kB/s | peers=18 | state=downloading
[2025-12-28 22:13:39,545] [INFO] 14.3% | ↓ 647.6 kB/s | ↑ 20.2 kB/s | peers=18 | state=downloading
[2025-12-28 22:13:40,548] [INFO] 14.47% | ↓ 542.2 kB/s | ↑ 16.9 kB/s | peers=18 | state=downloading
[2025-12-28 22:13:41,557] [INFO] 14.93% | ↓ 642.7 kB/s | ↑ 20.3 kB/s | peers=18 | state=downloading
[2025-12-28 22:13:42,561] [INFO] 14.97% | ↓ 582.6 kB/s | ↑ 18.7 kB/s | peers=18 | state=downloading
[2025-12-28 22:13:43,562] [INFO] 15.7% | ↓ 633.8 kB/s | ↑ 20.3 kB/s | peers=19 | state=downloading
[2025-12-28 22:13:44,573] [INFO] 15.85% | ↓ 724.1 kB/s | ↑ 23.5 kB/s | peers=20 | state=downloading
[2025-12-28 22:13:45,577] [INFO] 16.03% | ↓ 589.8 kB/s | ↑ 19.2 kB/s | peers=21 | state=downloading
[2025-12-28 22:13:46,579] [INFO] 16.24% | ↓ 598.5 kB/s | ↑ 20.4 kB/s | peers=21 | state=downloading
[2025-12-28 22:13:47,583] [INFO] 16.85% | ↓ 536.9 kB/s | ↑ 18.3 kB/s | peers=21 | state=downloading
[2025-12-28 22:13:48,585] [INFO] 17.15% | ↓ 732.8 kB/s | ↑ 24.1 kB/s | peers=20 | state=downloading
[2025-12-28 22:13:49,587] [INFO] 17.24% | ↓ 708.4 kB/s | ↑ 23.5 kB/s | peers=20 | state=downloading
[2025-12-28 22:13:50,589] [INFO] 17.51% | ↓ 587.5 kB/s | ↑ 19.5 kB/s | peers=21 | state=downloading
[2025-12-28 22:13:51,590] [INFO] 18.16% | ↓ 770.6 kB/s | ↑ 25.0 kB/s | peers=20 | state=downloading
[2025-12-28 22:13:52,593] [INFO] 18.6% | ↓ 761.6 kB/s | ↑ 25.0 kB/s | peers=22 | state=downloading
[2025-12-28 22:13:53,594] [INFO] 18.69% | ↓ 782.7 kB/s | ↑ 25.6 kB/s | peers=22 | state=downloading
[2025-12-28 22:13:54,595] [INFO] 18.9% | ↓ 669.4 kB/s | ↑ 21.8 kB/s | peers=22 | state=downloading
[2025-12-28 22:13:55,597] [INFO] 19.55% | ↓ 742.6 kB/s | ↑ 23.8 kB/s | peers=22 | state=downloading
[2025-12-28 22:13:56,602] [INFO] 19.68% | ↓ 780.9 kB/s | ↑ 24.9 kB/s | peers=21 | state=downloading
[2025-12-28 22:13:57,603] [INFO] 20.07% | ↓ 741.4 kB/s | ↑ 23.7 kB/s | peers=21 | state=downloading
[2025-12-28 22:13:58,605] [INFO] 20.55% | ↓ 799.3 kB/s | ↑ 25.4 kB/s | peers=21 | state=downloading
[2025-12-28 22:13:59,605] [INFO] 20.78% | ↓ 751.8 kB/s | ↑ 23.9 kB/s | peers=21 | state=downloading
[2025-12-28 22:14:00,607] [INFO] 21.21% | ↓ 748.8 kB/s | ↑ 24.1 kB/s | peers=20 | state=downloading
[2025-12-28 22:14:01,609] [INFO] 21.37% | ↓ 724.6 kB/s | ↑ 23.4 kB/s | peers=20 | state=downloading
[2025-12-28 22:14:02,609] [INFO] 21.71% | ↓ 692.2 kB/s | ↑ 22.6 kB/s | peers=20 | state=downloading
[2025-12-28 22:14:03,610] [INFO] 21.8% | ↓ 641.3 kB/s | ↑ 20.6 kB/s | peers=20 | state=downloading
[2025-12-28 22:14:04,611] [INFO] 22.08% | ↓ 564.7 kB/s | ↑ 18.2 kB/s | peers=20 | state=downloading
[2025-12-28 22:14:05,612] [INFO] 22.32% | ↓ 636.5 kB/s | ↑ 20.5 kB/s | peers=20 | state=downloading
[2025-12-28 22:14:06,614] [INFO] 22.75% | ↓ 590.8 kB/s | ↑ 19.1 kB/s | peers=20 | state=downloading
[2025-12-28 22:14:07,615] [INFO] 23.0% | ↓ 677.5 kB/s | ↑ 21.6 kB/s | peers=20 | state=downloading
[2025-12-28 22:14:08,618] [INFO] 23.44% | ↓ 620.6 kB/s | ↑ 19.8 kB/s | peers=20 | state=downloading
[2025-12-28 22:14:09,621] [INFO] 23.73% | ↓ 722.5 kB/s | ↑ 23.2 kB/s | peers=20 | state=downloading
[2025-12-28 22:14:10,622] [INFO] 24.16% | ↓ 664.5 kB/s | ↑ 21.6 kB/s | peers=20 | state=downloading
[2025-12-28 22:14:11,623] [INFO] 24.5% | ↓ 744.2 kB/s | ↑ 23.7 kB/s | peers=20 | state=downloading
[2025-12-28 22:14:12,623] [INFO] 24.87% | ↓ 743.3 kB/s | ↑ 23.8 kB/s | peers=19 | state=downloading
[2025-12-28 22:14:13,623] [INFO] 25.23% | ↓ 755.7 kB/s | ↑ 24.5 kB/s | peers=19 | state=downloading
[2025-12-28 22:14:14,623] [INFO] 25.57% | ↓ 802.8 kB/s | ↑ 25.9 kB/s | peers=19 | state=downloading
[2025-12-28 22:14:15,625] [INFO] 26.41% | ↓ 874.3 kB/s | ↑ 28.3 kB/s | peers=20 | state=downloading
[2025-12-28 22:14:16,627] [INFO] 26.75% | ↓ 974.5 kB/s | ↑ 31.6 kB/s | peers=20 | state=downloading
[2025-12-28 22:14:17,628] [INFO] 27.0% | ↓ 903.4 kB/s | ↑ 29.8 kB/s | peers=20 | state=downloading
[2025-12-28 22:14:18,629] [INFO] 27.55% | ↓ 863.1 kB/s | ↑ 28.0 kB/s | peers=20 | state=downloading
[2025-12-28 22:14:19,630] [INFO] 27.61% | ↓ 857.2 kB/s | ↑ 27.6 kB/s | peers=20 | state=downloading
[2025-12-28 22:14:20,631] [INFO] 28.54% | ↓ 913.0 kB/s | ↑ 28.9 kB/s | peers=20 | state=downloading
[2025-12-28 22:14:21,631] [INFO] 29.09% | ↓ 1024.4 kB/s | ↑ 32.8 kB/s | peers=20 | state=downloading
[2025-12-28 22:14:22,632] [INFO] 29.64% | ↓ 1056.9 kB/s | ↑ 34.6 kB/s | peers=20 | state=downloading
[2025-12-28 22:14:23,632] [INFO] 29.96% | ↓ 1091.0 kB/s | ↑ 35.9 kB/s | peers=20 | state=downloading
[2025-12-28 22:14:24,633] [INFO] 30.01% | ↓ 926.1 kB/s | ↑ 30.4 kB/s | peers=20 | state=downloading
[2025-12-28 22:14:25,633] [INFO] 30.77% | ↓ 943.5 kB/s | ↑ 30.4 kB/s | peers=20 | state=downloading
[2025-12-28 22:14:26,633] [INFO] 31.34% | ↓ 978.6 kB/s | ↑ 31.8 kB/s | peers=20 | state=downloading
[2025-12-28 22:14:27,634] [INFO] 32.05% | ↓ 1108.2 kB/s | ↑ 35.8 kB/s | peers=20 | state=downloading
[2025-12-28 22:14:28,634] [INFO] 32.62% | ↓ 1136.7 kB/s | ↑ 37.4 kB/s | peers=20 | state=downloading
[2025-12-28 22:14:29,634] [INFO] 33.12% | ↓ 1154.4 kB/s | ↑ 37.9 kB/s | peers=20 | state=downloading
[2025-12-28 22:14:30,635] [INFO] 33.66% | ↓ 1178.6 kB/s | ↑ 38.3 kB/s | peers=20 | state=downloading
[2025-12-28 22:14:31,635] [INFO] 34.11% | ↓ 1132.5 kB/s | ↑ 37.0 kB/s | peers=20 | state=downloading
[2025-12-28 22:14:32,635] [INFO] 34.6% | ↓ 1127.3 kB/s | ↑ 36.7 kB/s | peers=20 | state=downloading
[2025-12-28 22:14:33,637] [INFO] 35.07% | ↓ 1088.3 kB/s | ↑ 35.7 kB/s | peers=20 | state=downloading
[2025-12-28 22:14:34,637] [INFO] 35.67% | ↓ 1148.0 kB/s | ↑ 37.2 kB/s | peers=20 | state=downloading
[2025-12-28 22:14:35,637] [INFO] 36.5% | ↓ 1167.5 kB/s | ↑ 38.3 kB/s | peers=20 | state=downloading
[2025-12-28 22:14:36,639] [INFO] 37.21% | ↓ 1274.5 kB/s | ↑ 41.7 kB/s | peers=20 | state=downloading
[2025-12-28 22:14:37,639] [INFO] 37.77% | ↓ 1281.7 kB/s | ↑ 41.6 kB/s | peers=20 | state=downloading
[2025-12-28 22:14:38,641] [INFO] 37.98% | ↓ 1320.1 kB/s | ↑ 43.0 kB/s | peers=20 | state=downloading
[2025-12-28 22:14:39,642] [INFO] 38.44% | ↓ 1066.1 kB/s | ↑ 34.7 kB/s | peers=20 | state=downloading
[2025-12-28 22:14:40,642] [INFO] 39.1% | ↓ 1176.9 kB/s | ↑ 38.1 kB/s | peers=20 | state=downloading
[2025-12-28 22:14:41,644] [INFO] 39.98% | ↓ 1245.6 kB/s | ↑ 40.6 kB/s | peers=20 | state=downloading
[2025-12-28 22:14:42,645] [INFO] 40.5% | ↓ 1377.9 kB/s | ↑ 45.1 kB/s | peers=20 | state=downloading
[2025-12-28 22:14:43,645] [INFO] 40.76% | ↓ 1234.8 kB/s | ↑ 40.9 kB/s | peers=20 | state=downloading
[2025-12-28 22:14:44,647] [INFO] 41.12% | ↓ 1097.6 kB/s | ↑ 36.3 kB/s | peers=20 | state=downloading
[2025-12-28 22:14:45,648] [INFO] 41.19% | ↓ 1014.7 kB/s | ↑ 33.2 kB/s | peers=20 | state=downloading
[2025-12-28 22:14:46,648] [INFO] 41.84% | ↓ 867.6 kB/s | ↑ 28.2 kB/s | peers=20 | state=downloading
[2025-12-28 22:14:47,648] [INFO] 42.41% | ↓ 1012.8 kB/s | ↑ 32.5 kB/s | peers=20 | state=downloading
[2025-12-28 22:14:48,650] [INFO] 43.02% | ↓ 1118.1 kB/s | ↑ 35.9 kB/s | peers=20 | state=downloading
[2025-12-28 22:14:49,651] [INFO] 43.36% | ↓ 1092.1 kB/s | ↑ 35.8 kB/s | peers=20 | state=downloading
[2025-12-28 22:14:50,651] [INFO] 44.15% | ↓ 1152.9 kB/s | ↑ 37.3 kB/s | peers=20 | state=downloading
[2025-12-28 22:14:51,655] [INFO] 44.56% | ↓ 1206.0 kB/s | ↑ 39.2 kB/s | peers=19 | state=downloading
[2025-12-28 22:14:52,656] [INFO] 44.96% | ↓ 1148.3 kB/s | ↑ 37.2 kB/s | peers=20 | state=downloading
[2025-12-28 22:14:53,657] [INFO] 45.59% | ↓ 1120.1 kB/s | ↑ 36.0 kB/s | peers=20 | state=downloading
[2025-12-28 22:14:54,658] [INFO] 46.11% | ↓ 1110.1 kB/s | ↑ 35.6 kB/s | peers=20 | state=downloading
[2025-12-28 22:14:55,663] [INFO] 46.83% | ↓ 1171.5 kB/s | ↑ 37.6 kB/s | peers=20 | state=downloading
[2025-12-28 22:14:56,663] [INFO] 47.48% | ↓ 1182.1 kB/s | ↑ 38.0 kB/s | peers=20 | state=downloading
[2025-12-28 22:14:57,665] [INFO] 48.05% | ↓ 1314.0 kB/s | ↑ 42.3 kB/s | peers=21 | state=downloading
[2025-12-28 22:14:58,665] [INFO] 48.54% | ↓ 1275.3 kB/s | ↑ 41.7 kB/s | peers=21 | state=downloading
[2025-12-28 22:14:59,665] [INFO] 49.18% | ↓ 1236.0 kB/s | ↑ 40.2 kB/s | peers=21 | state=downloading
[2025-12-28 22:15:00,667] [INFO] 49.92% | ↓ 1246.1 kB/s | ↑ 41.1 kB/s | peers=22 | state=downloading
[2025-12-28 22:15:01,667] [INFO] 50.01% | ↓ 1244.9 kB/s | ↑ 41.1 kB/s | peers=22 | state=downloading
[2025-12-28 22:15:02,667] [INFO] 50.23% | ↓ 1012.1 kB/s | ↑ 33.4 kB/s | peers=22 | state=downloading
[2025-12-28 22:15:03,669] [INFO] 50.78% | ↓ 970.3 kB/s | ↑ 32.2 kB/s | peers=22 | state=downloading
[2025-12-28 22:15:04,670] [INFO] 51.35% | ↓ 1063.6 kB/s | ↑ 34.7 kB/s | peers=22 | state=downloading
[2025-12-28 22:15:05,672] [INFO] 51.89% | ↓ 1090.9 kB/s | ↑ 35.9 kB/s | peers=21 | state=downloading
[2025-12-28 22:15:06,673] [INFO] 52.66% | ↓ 1111.5 kB/s | ↑ 36.8 kB/s | peers=21 | state=downloading
[2025-12-28 22:15:07,674] [INFO] 52.88% | ↓ 1190.3 kB/s | ↑ 39.3 kB/s | peers=21 | state=downloading
[2025-12-28 22:15:08,674] [INFO] 53.31% | ↓ 990.9 kB/s | ↑ 32.7 kB/s | peers=21 | state=downloading
[2025-12-28 22:15:09,676] [INFO] 53.62% | ↓ 1056.3 kB/s | ↑ 34.8 kB/s | peers=21 | state=downloading
[2025-12-28 22:15:10,677] [INFO] 54.1% | ↓ 949.4 kB/s | ↑ 31.4 kB/s | peers=21 | state=downloading
[2025-12-28 22:15:11,677] [INFO] 54.64% | ↓ 972.1 kB/s | ↑ 31.7 kB/s | peers=20 | state=downloading
[2025-12-28 22:15:12,678] [INFO] 55.36% | ↓ 1093.4 kB/s | ↑ 35.7 kB/s | peers=21 | state=downloading
[2025-12-28 22:15:13,679] [INFO] 55.86% | ↓ 1120.6 kB/s | ↑ 36.6 kB/s | peers=20 | state=downloading
[2025-12-28 22:15:14,680] [INFO] 56.42% | ↓ 1135.3 kB/s | ↑ 37.4 kB/s | peers=20 | state=downloading
[2025-12-28 22:15:15,681] [INFO] 56.9% | ↓ 1122.2 kB/s | ↑ 36.6 kB/s | peers=20 | state=downloading
[2025-12-28 22:15:16,682] [INFO] 57.49% | ↓ 1108.0 kB/s | ↑ 36.5 kB/s | peers=20 | state=downloading
[2025-12-28 22:15:17,682] [INFO] 58.01% | ↓ 1169.9 kB/s | ↑ 38.4 kB/s | peers=20 | state=downloading
[2025-12-28 22:15:18,683] [INFO] 58.62% | ↓ 1195.9 kB/s | ↑ 39.4 kB/s | peers=20 | state=downloading
[2025-12-28 22:15:19,683] [INFO] 59.03% | ↓ 1198.8 kB/s | ↑ 39.3 kB/s | peers=20 | state=downloading
[2025-12-28 22:15:20,683] [INFO] 59.73% | ↓ 1164.1 kB/s | ↑ 37.9 kB/s | peers=20 | state=downloading
[2025-12-28 22:15:21,688] [INFO] 60.2% | ↓ 1216.2 kB/s | ↑ 39.4 kB/s | peers=20 | state=downloading
[2025-12-28 22:15:22,695] [INFO] 60.89% | ↓ 1208.7 kB/s | ↑ 39.5 kB/s | peers=20 | state=downloading
[2025-12-28 22:15:23,697] [INFO] 61.2% | ↓ 1250.2 kB/s | ↑ 40.9 kB/s | peers=20 | state=downloading
[2025-12-28 22:15:24,697] [INFO] 61.25% | ↓ 1073.7 kB/s | ↑ 35.1 kB/s | peers=20 | state=downloading
[2025-12-28 22:15:25,699] [INFO] 61.59% | ↓ 887.0 kB/s | ↑ 28.9 kB/s | peers=20 | state=downloading
[2025-12-28 22:15:26,700] [INFO] 62.25% | ↓ 894.7 kB/s | ↑ 28.8 kB/s | peers=20 | state=downloading
[2025-12-28 22:15:27,700] [INFO] 62.68% | ↓ 1039.5 kB/s | ↑ 33.8 kB/s | peers=20 | state=downloading
[2025-12-28 22:15:28,700] [INFO] 63.02% | ↓ 959.3 kB/s | ↑ 31.6 kB/s | peers=20 | state=downloading
[2025-12-28 22:15:29,702] [INFO] 63.08% | ↓ 896.7 kB/s | ↑ 29.2 kB/s | peers=20 | state=downloading
[2025-12-28 22:15:30,704] [INFO] 63.68% | ↓ 738.5 kB/s | ↑ 24.0 kB/s | peers=20 | state=downloading
[2025-12-28 22:15:31,706] [INFO] 64.14% | ↓ 916.7 kB/s | ↑ 29.5 kB/s | peers=20 | state=downloading
[2025-12-28 22:15:32,707] [INFO] 64.43% | ↓ 879.0 kB/s | ↑ 28.5 kB/s | peers=20 | state=downloading
[2025-12-28 22:15:33,711] [INFO] 65.0% | ↓ 868.0 kB/s | ↑ 28.1 kB/s | peers=20 | state=downloading
[2025-12-28 22:15:34,712] [INFO] 65.1% | ↓ 908.6 kB/s | ↑ 29.4 kB/s | peers=20 | state=downloading
[2025-12-28 22:15:35,712] [INFO] 65.65% | ↓ 796.1 kB/s | ↑ 25.7 kB/s | peers=20 | state=downloading
[2025-12-28 22:15:36,714] [INFO] 66.34% | ↓ 967.8 kB/s | ↑ 31.2 kB/s | peers=20 | state=downloading
[2025-12-28 22:15:37,715] [INFO] 66.74% | ↓ 1029.5 kB/s | ↑ 33.9 kB/s | peers=20 | state=downloading
[2025-12-28 22:15:38,715] [INFO] 66.88% | ↓ 957.8 kB/s | ↑ 31.8 kB/s | peers=20 | state=downloading
[2025-12-28 22:15:39,715] [INFO] 67.06% | ↓ 784.3 kB/s | ↑ 26.0 kB/s | peers=20 | state=downloading
[2025-12-28 22:15:40,716] [INFO] 67.44% | ↓ 798.2 kB/s | ↑ 26.2 kB/s | peers=20 | state=downloading
[2025-12-28 22:15:41,716] [INFO] 67.92% | ↓ 752.9 kB/s | ↑ 24.5 kB/s | peers=20 | state=downloading
[2025-12-28 22:15:42,718] [INFO] 68.43% | ↓ 893.8 kB/s | ↑ 29.0 kB/s | peers=20 | state=downloading
[2025-12-28 22:15:43,732] [INFO] 69.15% | ↓ 961.1 kB/s | ↑ 31.8 kB/s | peers=20 | state=downloading
[2025-12-28 22:15:44,732] [INFO] 69.25% | ↓ 967.1 kB/s | ↑ 32.4 kB/s | peers=20 | state=downloading
[2025-12-28 22:15:45,734] [INFO] 69.29% | ↓ 806.3 kB/s | ↑ 26.9 kB/s | peers=20 | state=downloading
[2025-12-28 22:15:46,734] [INFO] 69.75% | ↓ 713.8 kB/s | ↑ 23.7 kB/s | peers=20 | state=downloading
[2025-12-28 22:15:47,735] [INFO] 70.27% | ↓ 799.6 kB/s | ↑ 26.0 kB/s | peers=20 | state=downloading
[2025-12-28 22:15:48,736] [INFO] 70.49% | ↓ 821.8 kB/s | ↑ 26.8 kB/s | peers=20 | state=downloading
[2025-12-28 22:15:49,737] [INFO] 70.82% | ↓ 752.3 kB/s | ↑ 24.7 kB/s | peers=20 | state=downloading
[2025-12-28 22:15:50,737] [INFO] 71.48% | ↓ 843.2 kB/s | ↑ 27.4 kB/s | peers=20 | state=downloading
[2025-12-28 22:15:51,737] [INFO] 71.79% | ↓ 895.5 kB/s | ↑ 29.3 kB/s | peers=20 | state=downloading
[2025-12-28 22:15:52,738] [INFO] 72.02% | ↓ 833.6 kB/s | ↑ 27.3 kB/s | peers=21 | state=downloading
[2025-12-28 22:15:53,738] [INFO] 72.09% | ↓ 737.6 kB/s | ↑ 24.3 kB/s | peers=21 | state=downloading
[2025-12-28 22:15:54,738] [INFO] 73.01% | ↓ 764.8 kB/s | ↑ 25.0 kB/s | peers=21 | state=downloading
[2025-12-28 22:15:55,739] [INFO] 73.52% | ↓ 942.6 kB/s | ↑ 30.9 kB/s | peers=21 | state=downloading
[2025-12-28 22:15:56,740] [INFO] 74.08% | ↓ 1009.0 kB/s | ↑ 33.2 kB/s | peers=21 | state=downloading
[2025-12-28 22:15:57,742] [INFO] 74.61% | ↓ 1041.7 kB/s | ↑ 34.1 kB/s | peers=21 | state=downloading
[2025-12-28 22:15:58,747] [INFO] 74.91% | ↓ 1035.6 kB/s | ↑ 34.3 kB/s | peers=21 | state=downloading
[2025-12-28 22:15:59,747] [INFO] 75.46% | ↓ 934.5 kB/s | ↑ 30.7 kB/s | peers=21 | state=downloading
[2025-12-28 22:16:00,748] [INFO] 75.84% | ↓ 1008.9 kB/s | ↑ 33.5 kB/s | peers=22 | state=downloading
[2025-12-28 22:16:01,749] [INFO] 76.49% | ↓ 979.6 kB/s | ↑ 32.5 kB/s | peers=21 | state=downloading
[2025-12-28 22:16:02,750] [INFO] 77.08% | ↓ 1104.9 kB/s | ↑ 36.5 kB/s | peers=21 | state=downloading
[2025-12-28 22:16:03,752] [INFO] 77.62% | ↓ 1134.7 kB/s | ↑ 37.7 kB/s | peers=21 | state=downloading
[2025-12-28 22:16:04,753] [INFO] 78.1% | ↓ 1061.2 kB/s | ↑ 35.0 kB/s | peers=21 | state=downloading
[2025-12-28 22:16:05,753] [INFO] 78.42% | ↓ 1120.9 kB/s | ↑ 36.9 kB/s | peers=21 | state=downloading
[2025-12-28 22:16:06,754] [INFO] 78.68% | ↓ 1030.7 kB/s | ↑ 34.0 kB/s | peers=21 | state=downloading
[2025-12-28 22:16:07,756] [INFO] 78.75% | ↓ 902.1 kB/s | ↑ 29.7 kB/s | peers=21 | state=downloading
[2025-12-28 22:16:08,757] [INFO] 78.99% | ↓ 735.9 kB/s | ↑ 24.3 kB/s | peers=22 | state=downloading
[2025-12-28 22:16:09,757] [INFO] 79.88% | ↓ 891.2 kB/s | ↑ 28.5 kB/s | peers=22 | state=downloading
[2025-12-28 22:16:10,758] [INFO] 80.02% | ↓ 929.5 kB/s | ↑ 29.3 kB/s | peers=22 | state=downloading
[2025-12-28 22:16:11,759] [INFO] 80.21% | ↓ 798.3 kB/s | ↑ 25.2 kB/s | peers=23 | state=downloading
[2025-12-28 22:16:12,761] [INFO] 80.42% | ↓ 715.5 kB/s | ↑ 22.7 kB/s | peers=23 | state=downloading
[2025-12-28 22:16:13,762] [INFO] 80.49% | ↓ 675.3 kB/s | ↑ 22.0 kB/s | peers=23 | state=downloading
[2025-12-28 22:16:14,763] [INFO] 80.52% | ↓ 551.4 kB/s | ↑ 18.0 kB/s | peers=24 | state=downloading
[2025-12-28 22:16:15,764] [INFO] 80.61% | ↓ 456.2 kB/s | ↑ 14.9 kB/s | peers=24 | state=downloading
[2025-12-28 22:16:16,765] [INFO] 81.13% | ↓ 452.1 kB/s | ↑ 14.7 kB/s | peers=24 | state=downloading
[2025-12-28 22:16:17,765] [INFO] 81.33% | ↓ 579.3 kB/s | ↑ 18.7 kB/s | peers=24 | state=downloading
[2025-12-28 22:16:18,767] [INFO] 81.38% | ↓ 514.7 kB/s | ↑ 16.6 kB/s | peers=23 | state=downloading
[2025-12-28 22:16:19,768] [INFO] 81.4% | ↓ 433.0 kB/s | ↑ 14.0 kB/s | peers=22 | state=downloading
[2025-12-28 22:16:20,769] [INFO] 81.48% | ↓ 356.9 kB/s | ↑ 11.5 kB/s | peers=22 | state=downloading
[2025-12-28 22:16:21,769] [INFO] 81.8% | ↓ 320.1 kB/s | ↑ 10.2 kB/s | peers=22 | state=downloading
[2025-12-28 22:16:22,770] [INFO] 81.94% | ↓ 430.1 kB/s | ↑ 13.6 kB/s | peers=22 | state=downloading
[2025-12-28 22:16:23,771] [INFO] 82.29% | ↓ 408.5 kB/s | ↑ 12.9 kB/s | peers=22 | state=downloading
[2025-12-28 22:16:24,774] [INFO] 82.7% | ↓ 487.8 kB/s | ↑ 15.7 kB/s | peers=22 | state=downloading
[2025-12-28 22:16:25,782] [INFO] 82.88% | ↓ 565.7 kB/s | ↑ 18.4 kB/s | peers=22 | state=downloading
[2025-12-28 22:16:26,856] [INFO] 82.94% | ↓ 504.7 kB/s | ↑ 16.6 kB/s | peers=22 | state=downloading
[2025-12-28 22:16:27,861] [INFO] 83.38% | ↓ 417.9 kB/s | ↑ 13.7 kB/s | peers=22 | state=downloading
[2025-12-28 22:16:28,861] [INFO] 83.74% | ↓ 562.2 kB/s | ↑ 18.2 kB/s | peers=22 | state=downloading
[2025-12-28 22:16:29,863] [INFO] 84.11% | ↓ 623.8 kB/s | ↑ 20.9 kB/s | peers=22 | state=downloading
[2025-12-28 22:16:30,864] [INFO] 84.62% | ↓ 645.6 kB/s | ↑ 22.0 kB/s | peers=21 | state=downloading
[2025-12-28 22:16:31,866] [INFO] 84.97% | ↓ 745.6 kB/s | ↑ 25.3 kB/s | peers=22 | state=downloading
[2025-12-28 22:16:32,868] [INFO] 85.64% | ↓ 784.8 kB/s | ↑ 27.0 kB/s | peers=22 | state=downloading
[2025-12-28 22:16:33,869] [INFO] 86.22% | ↓ 901.4 kB/s | ↑ 30.8 kB/s | peers=22 | state=downloading
[2025-12-28 22:16:34,870] [INFO] 86.76% | ↓ 1000.7 kB/s | ↑ 34.1 kB/s | peers=22 | state=downloading
[2025-12-28 22:16:35,872] [INFO] 87.32% | ↓ 1035.3 kB/s | ↑ 35.3 kB/s | peers=22 | state=downloading
[2025-12-28 22:16:36,875] [INFO] 87.48% | ↓ 1075.5 kB/s | ↑ 36.3 kB/s | peers=22 | state=downloading
[2025-12-28 22:16:37,876] [INFO] 87.65% | ↓ 876.4 kB/s | ↑ 29.6 kB/s | peers=22 | state=downloading
[2025-12-28 22:16:38,878] [INFO] 88.29% | ↓ 818.7 kB/s | ↑ 27.1 kB/s | peers=22 | state=downloading
[2025-12-28 22:16:39,878] [INFO] 88.77% | ↓ 933.8 kB/s | ↑ 30.8 kB/s | peers=22 | state=downloading
[2025-12-28 22:16:40,879] [INFO] 88.91% | ↓ 949.9 kB/s | ↑ 31.5 kB/s | peers=22 | state=downloading
[2025-12-28 22:16:41,879] [INFO] 88.99% | ↓ 794.2 kB/s | ↑ 26.8 kB/s | peers=21 | state=downloading
[2025-12-28 22:16:42,881] [INFO] 89.67% | ↓ 781.8 kB/s | ↑ 25.8 kB/s | peers=21 | state=downloading
[2025-12-28 22:16:43,882] [INFO] 90.32% | ↓ 853.6 kB/s | ↑ 28.0 kB/s | peers=21 | state=downloading
[2025-12-28 22:16:44,882] [INFO] 90.79% | ↓ 989.2 kB/s | ↑ 32.5 kB/s | peers=21 | state=downloading
[2025-12-28 22:16:45,882] [INFO] 91.01% | ↓ 928.6 kB/s | ↑ 30.9 kB/s | peers=21 | state=downloading
[2025-12-28 22:16:46,884] [INFO] 91.11% | ↓ 838.2 kB/s | ↑ 27.7 kB/s | peers=21 | state=downloading
[2025-12-28 22:16:47,885] [INFO] 91.89% | ↓ 863.9 kB/s | ↑ 28.3 kB/s | peers=20 | state=downloading
[2025-12-28 22:16:48,885] [INFO] 92.13% | ↓ 913.5 kB/s | ↑ 30.3 kB/s | peers=20 | state=downloading
[2025-12-28 22:16:49,887] [INFO] 92.45% | ↓ 897.6 kB/s | ↑ 29.9 kB/s | peers=20 | state=downloading
[2025-12-28 22:16:50,887] [INFO] 92.94% | ↓ 834.5 kB/s | ↑ 27.4 kB/s | peers=20 | state=downloading
[2025-12-28 22:16:51,888] [INFO] 93.38% | ↓ 892.6 kB/s | ↑ 28.9 kB/s | peers=20 | state=downloading
[2025-12-28 22:16:52,889] [INFO] 93.8% | ↓ 854.8 kB/s | ↑ 28.1 kB/s | peers=20 | state=downloading
[2025-12-28 22:16:53,891] [INFO] 94.33% | ↓ 890.8 kB/s | ↑ 29.1 kB/s | peers=20 | state=downloading
[2025-12-28 22:16:54,892] [INFO] 94.91% | ↓ 932.8 kB/s | ↑ 30.3 kB/s | peers=20 | state=downloading
[2025-12-28 22:16:55,892] [INFO] 95.46% | ↓ 1027.6 kB/s | ↑ 33.5 kB/s | peers=20 | state=downloading
[2025-12-28 22:16:56,893] [INFO] 95.91% | ↓ 1072.0 kB/s | ↑ 34.8 kB/s | peers=20 | state=downloading
[2025-12-28 22:16:57,894] [INFO] 96.55% | ↓ 1013.2 kB/s | ↑ 33.3 kB/s | peers=20 | state=downloading
[2025-12-28 22:16:58,896] [INFO] 97.2% | ↓ 1135.3 kB/s | ↑ 36.7 kB/s | peers=20 | state=downloading
[2025-12-28 22:16:59,896] [INFO] 97.68% | ↓ 1176.0 kB/s | ↑ 38.7 kB/s | peers=20 | state=downloading
[2025-12-28 22:17:00,897] [INFO] 98.3% | ↓ 1147.2 kB/s | ↑ 38.1 kB/s | peers=20 | state=downloading
[2025-12-28 22:17:01,898] [INFO] 98.62% | ↓ 1201.5 kB/s | ↑ 39.6 kB/s | peers=20 | state=downloading
[2025-12-28 22:17:02,898] [INFO] 99.19% | ↓ 1093.6 kB/s | ↑ 36.5 kB/s | peers=21 | state=downloading
[2025-12-28 22:17:03,898] [INFO] 99.68% | ↓ 1148.8 kB/s | ↑ 38.3 kB/s | peers=21 | state=downloading
[2025-12-28 22:17:04,899] [INFO] 99.85% | ↓ 1145.5 kB/s | ↑ 37.9 kB/s | peers=20 | state=downloading
[2025-12-28 22:17:05,900] [INFO] 99.97% | ↓ 1016.8 kB/s | ↑ 33.8 kB/s | peers=20 | state=downloading
[2025-12-28 22:17:06,900] [INFO] Download finished | season=200
[2025-12-28 22:24:48,406] [INFO] Start download | season=1 | magnet=magnet:?xt=urn:btih:b114fae0d3c88d91958a8fa0464a1d842ae1c706&dn=%5BDJB%5D%2086%20EIGHTY-SIX%20S2%20-%2009%20VF%20%5B1080p%5D.mp4&tr=http%3A%2F%2Fnyaa.tracker.wf%3A7777%2Fannounce&tr=udp%3A%2F%2Fopen.stealth.si%3A80%2Fannounce&tr=udp%3A%2F%2Ftracker.opentrackr.org%3A1337%2Fannounce&tr=udp%3A%2F%2Fexodus.desync.com%3A6969%2Fannounce&tr=udp%3A%2F%2Ftracker.torrent.eu.org%3A451%2Fannounce
[2025-12-28 22:24:48,422] [INFO] 0.0% | ↓ 0.0 kB/s | ↑ 0.0 kB/s | peers=0 | state=downloading_metadata
[2025-12-28 22:24:49,422] [INFO] 0.0% | ↓ 0.0 kB/s | ↑ 0.0 kB/s | peers=0 | state=downloading_metadata
[2025-12-28 22:24:50,438] [INFO] 0.0% | ↓ 0.0 kB/s | ↑ 0.0 kB/s | peers=0 | state=downloading_metadata
[2025-12-28 22:24:51,449] [INFO] 0.0% | ↓ 0.0 kB/s | ↑ 0.0 kB/s | peers=0 | state=downloading_metadata
[2025-12-28 22:24:52,450] [INFO] 0.0% | ↓ 0.0 kB/s | ↑ 0.0 kB/s | peers=0 | state=downloading_metadata
[2025-12-28 22:24:53,450] [INFO] 0.0% | ↓ 0.0 kB/s | ↑ 0.0 kB/s | peers=0 | state=downloading_metadata
[2025-12-28 22:24:54,452] [INFO] 0.0% | ↓ 0.0 kB/s | ↑ 0.0 kB/s | peers=0 | state=downloading_metadata
[2025-12-28 22:24:55,453] [INFO] 0.0% | ↓ 0.0 kB/s | ↑ 0.0 kB/s | peers=0 | state=downloading_metadata
[2025-12-28 22:24:56,455] [INFO] 0.0% | ↓ 0.0 kB/s | ↑ 0.0 kB/s | peers=0 | state=downloading_metadata
[2025-12-28 22:24:57,456] [INFO] 0.0% | ↓ 0.0 kB/s | ↑ 0.0 kB/s | peers=0 | state=downloading_metadata
[2025-12-28 22:24:58,457] [INFO] 0.0% | ↓ 0.0 kB/s | ↑ 0.0 kB/s | peers=0 | state=downloading_metadata
[2025-12-28 22:24:59,458] [INFO] 0.0% | ↓ 0.0 kB/s | ↑ 0.0 kB/s | peers=0 | state=downloading_metadata
[2025-12-28 22:25:00,458] [INFO] 0.0% | ↓ 0.0 kB/s | ↑ 0.0 kB/s | peers=0 | state=downloading_metadata
[2025-12-28 22:25:01,460] [INFO] 0.0% | ↓ 0.0 kB/s | ↑ 0.0 kB/s | peers=0 | state=downloading_metadata
[2025-12-28 22:25:02,460] [INFO] 0.0% | ↓ 0.0 kB/s | ↑ 0.0 kB/s | peers=0 | state=downloading_metadata
[2025-12-28 22:25:03,461] [INFO] 0.0% | ↓ 0.0 kB/s | ↑ 0.0 kB/s | peers=0 | state=downloading_metadata
[2025-12-28 22:25:04,462] [INFO] 0.0% | ↓ 0.0 kB/s | ↑ 0.0 kB/s | peers=0 | state=downloading_metadata
[2025-12-28 22:25:05,463] [INFO] 0.0% | ↓ 0.0 kB/s | ↑ 0.0 kB/s | peers=0 | state=downloading_metadata
[2025-12-28 22:25:06,464] [INFO] 0.0% | ↓ 0.0 kB/s | ↑ 0.0 kB/s | peers=0 | state=downloading_metadata
[2025-12-28 22:25:07,466] [INFO] 0.0% | ↓ 0.0 kB/s | ↑ 0.0 kB/s | peers=0 | state=downloading_metadata
[2025-12-28 22:25:38,784] [INFO] Start download | season=1 | magnet=magnet:?xt=urn:btih:3c33e0c21d5f9fdda9c57edd9343679906dacbca&dn=%5BDJB%5D%2086%20EIGHTY-SIX%20S2%20-%2009%20VOSTFR%20%5B1080p%5D.mp4&tr=http%3A%2F%2Fnyaa.tracker.wf%3A7777%2Fannounce&tr=udp%3A%2F%2Fopen.stealth.si%3A80%2Fannounce&tr=udp%3A%2F%2Ftracker.opentrackr.org%3A1337%2Fannounce&tr=udp%3A%2F%2Fexodus.desync.com%3A6969%2Fannounce&tr=udp%3A%2F%2Ftracker.torrent.eu.org%3A451%2Fannounce
[2025-12-28 22:25:38,801] [INFO] 0.0% | ↓ 0.0 kB/s | ↑ 0.0 kB/s | peers=0 | state=downloading_metadata
[2025-12-28 22:25:39,802] [INFO] 0.0% | ↓ 0.0 kB/s | ↑ 0.0 kB/s | peers=0 | state=downloading_metadata
[2025-12-28 22:25:40,802] [INFO] 0.0% | ↓ 0.0 kB/s | ↑ 0.0 kB/s | peers=0 | state=downloading_metadata
[2025-12-28 22:25:41,806] [INFO] 0.0% | ↓ 0.0 kB/s | ↑ 0.0 kB/s | peers=0 | state=downloading_metadata
[2025-12-28 22:25:42,806] [INFO] 0.0% | ↓ 0.0 kB/s | ↑ 0.0 kB/s | peers=0 | state=downloading_metadata
[2025-12-28 22:25:43,808] [INFO] 0.0% | ↓ 0.0 kB/s | ↑ 0.0 kB/s | peers=0 | state=downloading_metadata
[2025-12-28 22:25:44,809] [INFO] 0.0% | ↓ 0.0 kB/s | ↑ 0.0 kB/s | peers=0 | state=downloading_metadata
[2025-12-28 22:25:45,810] [INFO] 0.0% | ↓ 0.0 kB/s | ↑ 0.0 kB/s | peers=0 | state=downloading_metadata
[2025-12-28 22:25:46,810] [INFO] 0.0% | ↓ 0.0 kB/s | ↑ 0.0 kB/s | peers=0 | state=downloading_metadata
[2025-12-28 22:25:47,810] [INFO] 0.0% | ↓ 0.0 kB/s | ↑ 0.0 kB/s | peers=0 | state=downloading_metadata
[2025-12-28 22:25:48,811] [INFO] 0.0% | ↓ 0.0 kB/s | ↑ 0.0 kB/s | peers=0 | state=downloading_metadata
[2025-12-28 22:25:49,813] [INFO] 0.0% | ↓ 0.0 kB/s | ↑ 0.0 kB/s | peers=0 | state=downloading_metadata
[2025-12-28 22:25:50,813] [INFO] 0.0% | ↓ 0.0 kB/s | ↑ 0.0 kB/s | peers=0 | state=downloading_metadata
[2025-12-28 22:25:51,815] [INFO] 0.0% | ↓ 0.0 kB/s | ↑ 0.0 kB/s | peers=0 | state=downloading_metadata
[2025-12-28 22:25:52,816] [INFO] 0.0% | ↓ 0.0 kB/s | ↑ 0.0 kB/s | peers=0 | state=downloading_metadata
[2025-12-28 22:25:53,817] [INFO] 0.0% | ↓ 0.0 kB/s | ↑ 0.0 kB/s | peers=0 | state=downloading_metadata
[2025-12-28 22:25:53,817] [ERROR] Error during download | season=1 | 
[2025-12-28 22:39:25,780] [INFO] Start download | season=80 | magnet=magnet:?xt=urn:btih:340a4783cbb4c6f4142a849147a472c3f93b80ca&dn=%5BWF%5D%20Kaguya-sama%20wa%20Kokurasetai%3A%20First%20Kiss%20wa%20Owaranai%20%5BBD%201080p%20x265%20OPUS%205.1%5D%5BDUAL%5D%5BPT-BR%5D%20%28Love%20is%20War%20-The%20First%20Kiss%20That%20Never%20Ends-%20%7C%20S00%20%7C%20S04%29&tr=http%3A%2F%2Fnyaa.tracker.wf%3A7777%2Fannounce&tr=udp%3A%2F%2Fopen.stealth.si%3A80%2Fannounce&tr=udp%3A%2F%2Ftracker.opentrackr.org%3A1337%2Fannounce&tr=udp%3A%2F%2Fexodus.desync.com%3A6969%2Fannounce&tr=udp%3A%2F%2Ftracker.torrent.eu.org%3A451%2Fannounce
[2025-12-28 22:39:26,140] [INFO] 0.0% | ↓ 0.0 kB/s | ↑ 0.0 kB/s | peers=0 | state=downloading_metadata
[2025-12-28 22:39:27,141] [INFO] 0.0% | ↓ 0.0 kB/s | ↑ 0.0 kB/s | peers=0 | state=downloading_metadata
[2025-12-28 22:39:27,141] [ERROR] Error during download | season=80 | 
[2025-12-28 22:39:33,110] [INFO] Start download | season=80 | magnet=magnet:?xt=urn:btih:8f7df0e469c26fe33dd040a8606ed0cf267d0cb9&dn=%5BFlugel%5D%20Kaguya-sama%20wa%20Kokurasetai%20-%20S01v2%20%28BD%201080p%20HEVC%29%20%5BMulti%20Audio%5D&tr=http%3A%2F%2Fnyaa.tracker.wf%3A7777%2Fannounce&tr=udp%3A%2F%2Fopen.stealth.si%3A80%2Fannounce&tr=udp%3A%2F%2Ftracker.opentrackr.org%3A1337%2Fannounce&tr=udp%3A%2F%2Fexodus.desync.com%3A6969%2Fannounce&tr=udp%3A%2F%2Ftracker.torrent.eu.org%3A451%2Fannounce
[2025-12-28 22:39:33,138] [INFO] 0.0% | ↓ 0.0 kB/s | ↑ 0.0 kB/s | peers=0 | state=downloading_metadata
[2025-12-28 22:39:34,138] [INFO] 0.0% | ↓ 0.0 kB/s | ↑ 0.0 kB/s | peers=0 | state=downloading_metadata
[2025-12-28 22:39:35,140] [INFO] 0.0% | ↓ 0.1 kB/s | ↑ 0.4 kB/s | peers=4 | state=downloading_metadata
[2025-12-28 22:39:36,141] [INFO] 0.0% | ↓ 1.6 kB/s | ↑ 0.5 kB/s | peers=12 | state=downloading_metadata
[2025-12-28 22:39:37,142] [INFO] 0.0% | ↓ 14.4 kB/s | ↑ 1.8 kB/s | peers=14 | state=downloading_metadata
[2025-12-28 22:39:38,145] [INFO] 0.0% | ↓ 44.5 kB/s | ↑ 3.9 kB/s | peers=15 | state=downloading_metadata
[2025-12-28 22:39:39,147] [INFO] 0.0% | ↓ 109.6 kB/s | ↑ 6.8 kB/s | peers=20 | state=downloading
[2025-12-28 22:39:40,148] [INFO] 0.0% | ↓ 201.3 kB/s | ↑ 11.2 kB/s | peers=20 | state=downloading
[2025-12-28 22:39:41,148] [INFO] 0.01% | ↓ 307.1 kB/s | ↑ 15.3 kB/s | peers=23 | state=downloading
[2025-12-28 22:39:42,149] [INFO] 0.01% | ↓ 422.5 kB/s | ↑ 19.9 kB/s | peers=26 | state=downloading
[2025-12-28 22:39:43,150] [INFO] 0.01% | ↓ 541.7 kB/s | ↑ 24.1 kB/s | peers=26 | state=downloading
[2025-12-28 22:39:44,150] [INFO] 0.02% | ↓ 682.7 kB/s | ↑ 28.9 kB/s | peers=26 | state=downloading
